// Jest Snapshot v1, https://goo.gl/fbAQLP

exports[`should render expense list with given expenses 1`] = `
<div>
  <h1>
    Expense List
  </h1>
  <ExpenseListItem
    amount={222}
    createdAt={0}
    description="test 1"
    id="1"
    key="1"
    note=""
  />
  <ExpenseListItem
    amount={333}
    createdAt={-345600000}
    description="test 2"
    id="2"
    key="2"
    note=""
  />
  <ExpenseListItem
    amount={444}
    createdAt={345600000}
    description="not 3"
    id="3"
    key="3"
    note=""
  />
</div>
`;

exports[`should render expense with empty message 1`] = `
<div>
  <h1>
    Expense List
  </h1>
  <p>
    No Expenses
  </p>
</div>
`;
